<html>
<body>
<pre>
<h1>µVision Build Log</h1>
<h2>Tool Versions:</h2>
IDE-Version: ¦ÌVision V5.14.0.0
Copyright (C) 2015 ARM Ltd and ARM Germany GmbH. All rights reserved.
License Information: huang hao, hh, LIC=----
 
Tool Versions:
Toolchain:       MDK-Lite  Version: 5.14.0.0
Toolchain Path:  C:\Keil_v5\ARM\ARMCC\Bin
C Compiler:      Armcc.exe V5.05 update 1 (build 106)
Assembler:       Armasm.exe V5.05 update 1 (build 106)
Linker/Locator:  ArmLink.exe V5.05 update 1 (build 106)
Library Manager: ArmAr.exe V5.05 update 1 (build 106)
Hex Converter:   FromElf.exe V5.05 update 1 (build 106)
CPU DLL:         SARMCM3.DLL V5.14.0.0
Dialog DLL:      DCM.DLL V1.13.1.0
Target DLL:      STLink\ST-LINKIII-KEIL_SWO.dll V2.0.14.0_KEIL
Dialog DLL:      TCM.DLL V1.14.4.0
 
<h2>Project:</h2>
C:\Users\stephen\Documents\GitProjects\imu_study_board\MDK-ARM\imu_study_board.uvprojx
Project File Date:  01/20/2020

<h2>Output:</h2>
Build target 'imu_study_board'
compiling main.c...
../Src/main.c(97): warning:  #223-D: function "memcpy" declared implicitly
    memcpy(data + 1, (uint8_t *)(&x), sizeof(float));
../Src/main.c(116): warning:  #223-D: function "memcpy" declared implicitly
    memcpy(data + 1, (uint8_t *)(&tp), sizeof(float));
../Src/main.c(165): warning:  #550-D: variable "x" was set but never used
    double x = 0, y = 0;
../Src/main.c(165): warning:  #550-D: variable "y" was set but never used
    double x = 0, y = 0;
../Src/main.c: 4 warnings, 0 errors
linking...
Program Size: Code=8856 RO-data=648 RW-data=20 ZI-data=1092  
FromELF: creating hex file...
"imu_study_board\imu_study_board.axf" - 0 Error(s), 4 Warning(s).

<h2>Software Packages used:</h2>

Package Vendor: ARM
                http://www.keil.com/pack/ARM.CMSIS.4.2.0.pack
                ARM::CMSIS:CORE:3.40.0
                CMSIS (Cortex Microcontroller Software Interface Standard)
   * Component: CORE Version: 3.40.0

<h2>Collection of Component include folders:</h2>
  C:\Users\stephen\Documents\GitProjects\imu_study_board\MDK-ARM\RTE
  C:\Keil_v5\ARM\PACK\ARM\CMSIS\4.2.0\CMSIS\Include
  C:\Keil_v5\ARM\PACK\Keil\STM32F1xx_DFP\1.0.5\Device\Include

<h2>Collection of Component Files used:</h2>

   * Component: ARM::CMSIS:CORE:3.40.0
      Source file:   CMSIS\UserCodeTemplates\ARM\ITM_Retarget.c
</pre>
</body>
</html>
